C51 COMPILER V8.08   BUZZER                                                                01/29/2020 10:20:08 PAGE 1   


C51 COMPILER V8.08, COMPILATION OF MODULE BUZZER
OBJECT MODULE PLACED IN buzzer.OBJ
COMPILER INVOKED BY: C:\Keil\C51\BIN\C51.EXE buzzer.c BROWSE DEBUG OBJECTEXTEND

line level    source

   1          #include<reg51.h>
   2          sbit buzz = P0^4;
   3          void my_delay(int t) //parameter passing in function
   4          {       int i,j;
   5   1       
   6   1              for (j=0;j<t ;j++){
   7   2                      for (i=0 ; i<30000 ;i++){
   8   3                      }
   9   2              }
  10   1      }       
  11          void main()
  12          {
  13   1              while(1){
  14   2              buzz=0;  my_delay(10); //call my_delay method with argument 4
  15   2              buzz=1;  my_delay(2);
  16   2              } 
  17   1      }


MODULE INFORMATION:   STATIC OVERLAYABLE
   CODE SIZE        =     56    ----
   CONSTANT SIZE    =   ----    ----
   XDATA SIZE       =   ----    ----
   PDATA SIZE       =   ----    ----
   DATA SIZE        =   ----    ----
   IDATA SIZE       =   ----    ----
   BIT SIZE         =   ----    ----
END OF MODULE INFORMATION.


C51 COMPILATION COMPLETE.  0 WARNING(S),  0 ERROR(S)
